// Jest Snapshot v1, https://goo.gl/fbAQLP

exports[`TrainingItem.js should take a snapshot 1`] = `
<li>
  Nicolas
</li>
`;
